== E1: information saturation (T1/C1.1) + the feedback floor ==
  [PASS] noiseless energy = saturation cap (m=0.30): measured 0.010857 vs predicted 0.010989 (tol 10%)
  [PASS] noisy energy growth rate = feedback floor (m=0.30): measured 0.015088 vs predicted 0.014989 (tol 30%)
  [PASS] noiseless energy = saturation cap (m=0.60): measured 0.014994 vs predicted 0.015625 (tol 10%)
  [PASS] noisy energy growth rate = feedback floor (m=0.60): measured 0.020716 vs predicted 0.020675 (tol 30%)
  [PASS] noiseless energy = saturation cap (m=0.85): measured 0.033748 vs predicted 0.036036 (tol 10%)
  [PASS] noisy energy growth rate = feedback floor (m=0.85): measured 0.043269 vs predicted 0.046214 (tol 30%)
== E2: the exchange rate (T2), and its nonlinear drift ==
  [PASS] Var x Cost (m=0.3, s_e=0.05): measured 0.010621 vs predicted 0.010558 (tol 15%)
  [PASS] Var x Cost (m=0.3, s_e=0.15): measured 0.010696 vs predicted 0.010558 (tol 15%)
  [PASS] Var x Cost (m=0.6, s_e=0.05): measured 0.0054946 vs predicted 0.0053539 (tol 15%)
  [PASS] Var x Cost (m=0.6, s_e=0.15): measured 0.0056856 vs predicted 0.0053539 (tol 15%)
  [DRIFT] drift cell: saturating env (out of A1 scope): measured 0.0062244 vs predicted 0.0053539 (tol 0%)
== E3: shaped vs isotropic exploration (T5a/C5.1) ==
  [PASS] isotropic/A-optimal risk ratio = dispersion F: measured 1.529 vs predicted 1.5063 (tol 12%)
  [PASS] A-opt risk matches sigma^2 (tr G^{1/2})^2 / (T B): measured 0.0064248 vs predicted 0.0068504 (tol 12%)
== E4: the design identifies what jitter cannot (T6); safety ==
  [PASS] design arm sd(c_hat) matches Fisher prediction: measured 0.23364 vs predicted 0.24784 (tol 50%)
  [PASS] jitter arm unidentified (sd ratio jitter/design >= 3: ratio=7.8): measured 1 vs predicted 1 (tol 0%)
  [PASS] SafeD-PerfGD settles at the performative optimum: measured 1.2575 vs predicted 1.2964 (tol 8%)
  [PASS] trust region never violated (max step/cap=0.88 <= 1): measured 1 vs predicted 1 (tol 0%)
    (freeze fraction: 0.33, corrected steps: 2672)
== E5: the anchoring crossover (T7) ==
  [PASS] nonparametric MSE at (B,T) optimum: measured 0.013205 vs predicted 0.012318 (tol 15%)
  [PASS] anchored beats nonparametric when well-specified (a=0): measured 1 vs predicted 1 (tol 0%)
  [PASS] anchored loses under gross misspecification (a=0.35): measured 1 vs predicted 1 (tol 0%)
    (anchored MSE across a: [0.0107 0.0108 0.0112 0.0119 0.0126] np MSE pred 0.0123)
== E6: literature baselines vs SafeD-PerfGD ==
    SafeD-PerfGD   median |h-h_PO| = 0.0599 [0.0398, 0.0687]   median regret =   1007.9 [   910.0,   1130.8]
    FD-PerfGD      median |h-h_PO| = 0.0263 [0.0251, 0.0283]   median regret =   9586.8 [  9580.9,   9593.8]
    ZO-PerfOpt     median |h-h_PO| = 0.3868 [0.3089, 0.4693]   median regret =    952.3 [   915.9,    963.1]
    UCB-Grid       median |h-h_PO| = 0.1547 [0.1036, 0.1990]   median regret =    315.9 [   309.4,    341.7]
    BlindRRM       median |h-h_PO| = 1.2293 [1.2192, 1.2429]   median regret =   2115.5 [  2101.9,   2125.9]
  [PASS] SafeD median final error within 1.5x of best baseline (12 seeds): measured 1 vs predicted 1 (tol 0%)
    (seed-by-seed: SafeD dominated in 1 of 12 seeds; seed 106 by UCB-Grid)
  [PASS] no baseline Pareto-dominates SafeD on median (error, regret) over 12 seeds (dominated in 1 individual seeds): measured 1 vs predicted 1 (tol 0%)
  [PASS] unsafe baseline (FD-PerfGD) pays >5x SafeD median regret: measured 1 vs predicted 1 (tol 0%)
== E7: ablation grid (design x anchor x gate) ==
    full architecture: err=0.044 c_err=0.07 frozen=0.55
    D=1 A=1 G=0: err=0.044 c_err=0.07 frozen=0.00
    D=1 A=0 G=1: err=0.185 c_err=0.10 frozen=0.55
    D=1 A=0 G=0: err=0.122 c_err=0.01 frozen=0.00
    D=0 A=1 G=1: err=0.018 c_err=0.08 frozen=0.34
    D=0 A=1 G=0: err=0.018 c_err=0.08 frozen=0.00
    D=0 A=0 G=1: err=0.283 c_err=0.21 frozen=0.68
    D=0 A=0 G=0: err=0.094 c_err=0.00 frozen=0.00
  [PASS] full architecture reaches h_PO (err < 0.1): measured 1 vs predicted 1 (tol 0%)
    multi-seed RMS c err: design 0.190 vs jitter 0.138 (ratio 0.7)
  [PASS] design-off still converges at matched transit energy (T6's cliff is support/amplitude - see E4, E8 - not shape): measured 1 vs predicted 1 (tol 0%)
  [PASS] matched-energy c-identification in the parity band (0.3 <= RMS ratio <= 3.5, no cliff either way): measured 1 vs predicted 1 (tol 0%)
  [PASS] anchor-off degrades final error (T7 prediction): measured 1 vs predicted 1 (tol 0%)
  [PASS] gate discipline: gated cells freeze, ungated never do: measured 1 vs predicted 1 (tol 0%)
== E8: second domain - performative pricing (LQ, exact) ==
  [PASS] pricing exchange rate (g=0.4, s_e=0.2): measured 0.384 vs predicted 0.384 (tol 12%)
  [PASS] pricing exchange rate (g=0.4, s_e=0.5): measured 0.384 vs predicted 0.384 (tol 12%)
  [PASS] pricing exchange rate (g=0.7, s_e=0.2): measured 0.192 vs predicted 0.192 (tol 12%)
  [PASS] pricing exchange rate (g=0.7, s_e=0.5): measured 0.192 vs predicted 0.192 (tol 12%)
  [PASS] transplanted SafeD reaches the pricing optimum: measured 12.653 vs predicted 12.5 (tol 8%)
    (p_SP=7.14 -> agent 12.58 vs p_PO=12.50; frozen frac 0.37)
== E10: multi-bond vector agent - shaped vs isotropic ==
    [dispersed] steady-state risk iso/shaped = 1.20 (static F = 1.45, transit ratio 0.98); anchored-bond err shaped 0.046 vs iso 0.050
    [flat] steady-state risk iso/shaped = 1.00 (static F = 1.00, transit ratio 1.00); anchored-bond err shaped 0.187 vs iso 0.187
  [PASS] dispersed universe: shaped beats isotropic at steady state (ratio > 1.15): measured 1 vs predicted 1 (tol 0%)
  [PASS] flat-control universe: shaping is null (|ratio-1| < 0.25): measured 1 vs predicted 1 (tol 0%)
  [PASS] agents reach the anchored-bond optima (shaped err < 0.2): measured 1 vs predicted 1 (tol 0%)

36 rows, 0 FAIL -> results/RESULTS.md
