
== V0: cost-equivalence lemma (D0) ==
  [PASS] E[C_T] = (1/2)gamma E[sum d^2]  --  ratio = 1.0002 (expect 1)
  [PASS] Var(C) = d0^2 Var(sum d) + (g^2/4) Var(sum d^2), cross ~ 0  --  ratio = 1.010, |cross|/total = 0.010
  [PASS] asymmetric rule breaks lemma by -delta0 E[sum d]  --  gap = -14.987 vs predicted -14.987

== V1: Lyapunov-exact saturation (D1) ==
  [PASS] scalar closed form  --  sum = 3.3137254902 vs 3.3137254902
  [PASS] 5x5 energy = d0' P d0 (Lyapunov)  --  direct 4.94142975 vs Lyapunov 4.94142975
  [PASS] non-normal energy >> normal cap, matches Lyapunov  --  energy 1268.21 vs normal cap 2.78
  [PASS] directional energy = d0' P_u d0  --  direct 1.26797297 vs rank-one Lyapunov 1.26797297

== V2: exchange rate - pathwise, concentration, feedback bias (D2) ==
  [PASS] pathwise product identity  --  product 0.31851418 vs (1/2)g s^2 (1+T dbar^2/Sxx) 0.31851418
  [PASS] product variance scales ~ 1/T  --  var ratio T->4T = 4.80 (expect ~4)
  [PASS] long-run Var(sum d) = T v (1-m)/(1+m)  --  measured 5.72 vs predicted 5.86
  [PASS] feedback bias, full form (m=0.5, sign +)  --  measured 0.00172 +- 0.00042 vs predicted 0.00231
  [PASS] feedback bias, full form (m=0.2, sign -)  --  measured -0.00254 +- 0.00047 vs predicted -0.00185

== V3a: van Trees over designs (D3a) ==
  [PASS] Bayes risk >= vT bound (front-loaded)  --  risk 0.01525 vs bound 0.01533 (equality expected)
  [PASS] Bayes risk >= vT bound (spread)  --  risk 0.01531 vs bound 0.01533 (equality expected)

== V3b: exploitation-information lemma (D3b) ==
  [PASS] E|posterior imbalance| <= delta sqrt(S)/sigma (all t)  --  max ratio over t = 0.828 (Pinsker slack expected)
  [PASS] minimax-scale exploitation decays ~ T^{-1/2}  --  gain/cost: 0.1183 (T=250) -> 0.0410 (T=2250), ratio 0.35 (expect ~1/3)

== V4: design geometry (D4) ==
  [PASS] A-opt: M* ~ Gamma^{-1/2} achieves (tr G^{1/2})^2/B, unbeaten  --  value 44.47729, best of 4000 random 61.27552
  [PASS] D-opt: M* ~ Gamma^{-1} maximizes log det  --  logdet* -9.5826 vs best random -11.1872
  [PASS] c-opt: value c'Gc/B, achieved by probing along c  --  value 1.80194, along-c achieves 1.80195, best random 4.62196
  [PASS] isotropic overpayment = curvature dispersion F  --  F = 1.2386 (>= 1)
  [PASS] temporal shaping irrelevant at matched design energy  --  Var ratio AR/iid = 1.032 (expect ~1)

== V5: Chebyshev counting (D5) ==
  [PASS] 2-point Fisher singular, 3-point nonsingular  --  max 2-pt |det| = 1.30e-17, 3-pt det = 6.21e-03

== V6: perturbed-modulus lemma (D6) ==
  [PASS] modulus deviation <= eta beta (||e|| + |h-psi| ||e'||)  --  max excess over bound = 2.43e-11 (<=0)
  [PASS] open-loop schedules don't change contraction  --  |difference| after 200 steps = 0.00e+00

== V7: anchoring crossover (D7) ==
  [PASS] secant bias -> tau'''/6 * w^2  --  bias/w^2 = -0.17591 vs tau'''/6 = -0.17572
  [PASS] MSE_np formula (B=0.8, T=200)  --  measured 0.100153 vs formula 0.099532
  [PASS] MSE_np formula (B=0.8, T=800)  --  measured 0.100014 vs formula 0.099531
  [PASS] MSE_np formula (B=2.4, T=200)  --  measured 0.033397 vs formula 0.033188
  [PASS] crossover at delta* (delta=0.5 x delta*)  --  anchor MSE 0.099532 vs np MSE 0.099532
  [PASS] crossover at delta* (delta=2.0 x delta*)  --  anchor MSE 0.099536 vs np MSE 0.099532

== V8: ROI, frontier lemma, separable Gamma_PO (D8/D9) ==
  [PASS] v* = sqrt(b rho / a)  --  scan 0.11000 vs formula 0.10999
  [PASS] break-even rho* = dh^4/(4 k^2 s^2) [gamma cancels]  --  root 0.25800 vs formula 0.25800
  [PASS] Lai-Robbins schedule sits on the frontier  --  product 0.318500 = (1/2) gamma sigma^2
  [PASS] separable Gamma_PO entries match finite-difference Hessian  --  per-bond gamma_PO formula vs numeric Phi'' (3 random bonds)

== V9: structure-proofness within reach (T9, D4) ==
  [PASS] T9 lemma: |phi0| <= |x| on [-2/c, inf), fails strictly below  --  3 curvature values, 4e5-point grids
  [PASS] T9: witness ratio = 0.85165047 (50-digit value); R(mu_delta) -> 1 at rate delta^2  --  witness 0.8516504722; collapse [1.150539, 1.037534, 1.009377, 1.0015], log-log slope 2.00
  [PASS] T9: 20000 random within-reach designs never beat the floor  --  min ratio 1.036634 (theorem: >= 1)
  [PASS] T9: jet Jacobian det = C1 c^2 e^{-2ch} (nonzero everywhere)  --  9 (c, h) cells vs closed form

38/38 checks passed
